Archive member included to satisfy reference by file (symbol)

C:/Program Files (x86)/Arm GNU Toolchain arm-none-eabi/14.3 rel1/bin/../lib/gcc/arm-none-eabi/14.3.1/../../../../arm-none-eabi/lib/thumb/v7e-m/nofp\libc.a(libc_a-exit.o)
                              C:/Program Files (x86)/Arm GNU Toolchain arm-none-eabi/14.3 rel1/bin/../lib/gcc/arm-none-eabi/14.3.1/../../../../arm-none-eabi/lib/thumb/v7e-m/nofp/crt0.o (exit)
C:/Program Files (x86)/Arm GNU Toolchain arm-none-eabi/14.3 rel1/bin/../lib/gcc/arm-none-eabi/14.3.1/../../../../arm-none-eabi/lib/thumb/v7e-m/nofp\libc.a(libc_a-findfp.o)
                              C:/Program Files (x86)/Arm GNU Toolchain arm-none-eabi/14.3 rel1/bin/../lib/gcc/arm-none-eabi/14.3.1/../../../../arm-none-eabi/lib/thumb/v7e-m/nofp\libc.a(libc_a-exit.o) (__stdio_exit_handler)
C:/Program Files (x86)/Arm GNU Toolchain arm-none-eabi/14.3 rel1/bin/../lib/gcc/arm-none-eabi/14.3.1/../../../../arm-none-eabi/lib/thumb/v7e-m/nofp\libc.a(libc_a-fwalk.o)
                              C:/Program Files (x86)/Arm GNU Toolchain arm-none-eabi/14.3 rel1/bin/../lib/gcc/arm-none-eabi/14.3.1/../../../../arm-none-eabi/lib/thumb/v7e-m/nofp\libc.a(libc_a-findfp.o) (_fwalk_sglue)
C:/Program Files (x86)/Arm GNU Toolchain arm-none-eabi/14.3 rel1/bin/../lib/gcc/arm-none-eabi/14.3.1/../../../../arm-none-eabi/lib/thumb/v7e-m/nofp\libc.a(libc_a-stdio.o)
                              C:/Program Files (x86)/Arm GNU Toolchain arm-none-eabi/14.3 rel1/bin/../lib/gcc/arm-none-eabi/14.3.1/../../../../arm-none-eabi/lib/thumb/v7e-m/nofp\libc.a(libc_a-findfp.o) (__sread)
C:/Program Files (x86)/Arm GNU Toolchain arm-none-eabi/14.3 rel1/bin/../lib/gcc/arm-none-eabi/14.3.1/../../../../arm-none-eabi/lib/thumb/v7e-m/nofp\libc.a(libc_a-memset.o)
                              C:/Program Files (x86)/Arm GNU Toolchain arm-none-eabi/14.3 rel1/bin/../lib/gcc/arm-none-eabi/14.3.1/../../../../arm-none-eabi/lib/thumb/v7e-m/nofp/crt0.o (memset)
C:/Program Files (x86)/Arm GNU Toolchain arm-none-eabi/14.3 rel1/bin/../lib/gcc/arm-none-eabi/14.3.1/../../../../arm-none-eabi/lib/thumb/v7e-m/nofp\libc.a(libc_a-strncmp.o)
                              build/uart.o (strncmp)
C:/Program Files (x86)/Arm GNU Toolchain arm-none-eabi/14.3 rel1/bin/../lib/gcc/arm-none-eabi/14.3.1/../../../../arm-none-eabi/lib/thumb/v7e-m/nofp\libc.a(libc_a-strtok.o)
                              build/uart.o (strtok)
C:/Program Files (x86)/Arm GNU Toolchain arm-none-eabi/14.3 rel1/bin/../lib/gcc/arm-none-eabi/14.3.1/../../../../arm-none-eabi/lib/thumb/v7e-m/nofp\libc.a(libc_a-strtok_r.o)
                              C:/Program Files (x86)/Arm GNU Toolchain arm-none-eabi/14.3 rel1/bin/../lib/gcc/arm-none-eabi/14.3.1/../../../../arm-none-eabi/lib/thumb/v7e-m/nofp\libc.a(libc_a-strtok.o) (__strtok_r)
C:/Program Files (x86)/Arm GNU Toolchain arm-none-eabi/14.3 rel1/bin/../lib/gcc/arm-none-eabi/14.3.1/../../../../arm-none-eabi/lib/thumb/v7e-m/nofp\libc.a(libc_a-closer.o)
                              C:/Program Files (x86)/Arm GNU Toolchain arm-none-eabi/14.3 rel1/bin/../lib/gcc/arm-none-eabi/14.3.1/../../../../arm-none-eabi/lib/thumb/v7e-m/nofp\libc.a(libc_a-stdio.o) (_close_r)
C:/Program Files (x86)/Arm GNU Toolchain arm-none-eabi/14.3 rel1/bin/../lib/gcc/arm-none-eabi/14.3.1/../../../../arm-none-eabi/lib/thumb/v7e-m/nofp\libc.a(libc_a-reent.o)
                              C:/Program Files (x86)/Arm GNU Toolchain arm-none-eabi/14.3 rel1/bin/../lib/gcc/arm-none-eabi/14.3.1/../../../../arm-none-eabi/lib/thumb/v7e-m/nofp\libc.a(libc_a-closer.o) (errno)
C:/Program Files (x86)/Arm GNU Toolchain arm-none-eabi/14.3 rel1/bin/../lib/gcc/arm-none-eabi/14.3.1/../../../../arm-none-eabi/lib/thumb/v7e-m/nofp\libc.a(libc_a-impure.o)
                              C:/Program Files (x86)/Arm GNU Toolchain arm-none-eabi/14.3 rel1/bin/../lib/gcc/arm-none-eabi/14.3.1/../../../../arm-none-eabi/lib/thumb/v7e-m/nofp\libc.a(libc_a-strtok.o) (_impure_ptr)
C:/Program Files (x86)/Arm GNU Toolchain arm-none-eabi/14.3 rel1/bin/../lib/gcc/arm-none-eabi/14.3.1/../../../../arm-none-eabi/lib/thumb/v7e-m/nofp\libc.a(libc_a-lseekr.o)
                              C:/Program Files (x86)/Arm GNU Toolchain arm-none-eabi/14.3 rel1/bin/../lib/gcc/arm-none-eabi/14.3.1/../../../../arm-none-eabi/lib/thumb/v7e-m/nofp\libc.a(libc_a-stdio.o) (_lseek_r)
C:/Program Files (x86)/Arm GNU Toolchain arm-none-eabi/14.3 rel1/bin/../lib/gcc/arm-none-eabi/14.3.1/../../../../arm-none-eabi/lib/thumb/v7e-m/nofp\libc.a(libc_a-readr.o)
                              C:/Program Files (x86)/Arm GNU Toolchain arm-none-eabi/14.3 rel1/bin/../lib/gcc/arm-none-eabi/14.3.1/../../../../arm-none-eabi/lib/thumb/v7e-m/nofp\libc.a(libc_a-stdio.o) (_read_r)
C:/Program Files (x86)/Arm GNU Toolchain arm-none-eabi/14.3 rel1/bin/../lib/gcc/arm-none-eabi/14.3.1/../../../../arm-none-eabi/lib/thumb/v7e-m/nofp\libc.a(libc_a-writer.o)
[...]
Memory Configuration

Name             Origin             Length             Attributes
RAM              0x20000000         0x00010000         xrw
FLASH            0x08000000         0x00040000         xr
*default*        0x00000000         0xffffffff

Linker script and memory map

LOAD C:/Program Files (x86)/Arm GNU Toolchain arm-none-eabi/14.3 rel1/bin/../lib/gcc/arm-none-eabi/14.3.1/thumb/v7e-m/nofp/crti.o
LOAD C:/Program Files (x86)/Arm GNU Toolchain arm-none-eabi/14.3 rel1/bin/../lib/gcc/arm-none-eabi/14.3.1/thumb/v7e-m/nofp/crtbegin.o
LOAD C:/Program Files (x86)/Arm GNU Toolchain arm-none-eabi/14.3 rel1/bin/../lib/gcc/arm-none-eabi/14.3.1/../../../../arm-none-eabi/lib/thumb/v7e-m/nofp/crt0.o
LOAD build/timer.o
LOAD build/main.o
LOAD build/uart.o
LOAD build/rcc.o
LOAD build/system_stm32f4xx.o
LOAD startup_stm32f401rctx.o
START GROUP
LOAD C:/Program Files (x86)/Arm GNU Toolchain arm-none-eabi/14.3 rel1/bin/../lib/gcc/arm-none-eabi/14.3.1/../../../../arm-none-eabi/lib/thumb/v7e-m/nofp\libc.a
LOAD C:/Program Files (x86)/Arm GNU Toolchain arm-none-eabi/14.3 rel1/bin/../lib/gcc/arm-none-eabi/14.3.1/../../../../arm-none-eabi/lib/thumb/v7e-m/nofp\libm.a
END GROUP
START GROUP
LOAD C:/Program Files (x86)/Arm GNU Toolchain arm-none-eabi/14.3 rel1/bin/../lib/gcc/arm-none-eabi/14.3.1/thumb/v7e-m/nofp\libgcc.a
LOAD C:/Program Files (x86)/Arm GNU Toolchain arm-none-eabi/14.3 rel1/bin/../lib/gcc/arm-none-eabi/14.3.1/../../../../arm-none-eabi/lib/thumb/v7e-m/nofp\libc.a
END GROUP
START GROUP
LOAD C:/Program Files (x86)/Arm GNU Toolchain arm-none-eabi/14.3 rel1/bin/../lib/gcc/arm-none-eabi/14.3.1/thumb/v7e-m/nofp\libgcc.a
LOAD C:/Program Files (x86)/Arm GNU Toolchain arm-none-eabi/14.3 rel1/bin/../lib/gcc/arm-none-eabi/14.3.1/../../../../arm-none-eabi/lib/thumb/v7e-m/nofp\libc.a
LOAD C:/Program Files (x86)/Arm GNU Toolchain arm-none-eabi/14.3 rel1/bin/../lib/gcc/arm-none-eabi/14.3.1/../../../../arm-none-eabi/lib/thumb/v7e-m/nofp\libnosys.a
END GROUP
LOAD C:/Program Files (x86)/Arm GNU Toolchain arm-none-eabi/14.3 rel1/bin/../lib/gcc/arm-none-eabi/14.3.1/thumb/v7e-m/nofp/crtend.o
LOAD C:/Program Files (x86)/Arm GNU Toolchain arm-none-eabi/14.3 rel1/bin/../lib/gcc/arm-none-eabi/14.3.1/thumb/v7e-m/nofp/crtn.o
                0x20010000                        _estack = (ORIGIN (RAM) + LENGTH (RAM))
                0x00000200                        _Min_Heap_Size = 0x200
                0x00000400                        _Min_Stack_Size = 0x400

.isr_vector     0x08000000      0x194
                0x08000000                        . = ALIGN (0x4)
 *(.isr_vector)
 .isr_vector    0x08000000      0x194 startup_stm32f401rctx.o
                0x08000000                g_pfnVectors
                0x08000194                        . = ALIGN (0x4)

.text           0x080001a0      0xb84
                0x080001a0                        . = ALIGN (0x4)
 *(.text)
 .text          0x080001a0      0x15c build/system_stm32f4xx.o
                0x080001a0                SystemInit
                0x080001fc                SystemCoreClockUpdate
 *fill*         0x080002fc        0x4 
 .text          0x08000300      0x2e0 C:/Program Files (x86)/Arm GNU Toolchain arm-none-eabi/14.3 rel1/bin/../lib/gcc/arm-none-eabi/14.3.1/../../../../arm-none-eabi/lib/thumb/v7e-m/nofp\libc.a(libc_a-strcmp.o)
                0x08000300                strcmp
 *(.text*)
 .text.deregister_tm_clones
                0x080005e0       0x1c C:/Program Files (x86)/Arm GNU Toolchain arm-none-eabi/14.3 rel1/bin/../lib/gcc/arm-none-eabi/14.3.1/thumb/v7e-m/nofp/crtbegin.o
 .text.register_tm_clones
                0x080005fc       0x24 C:/Program Files (x86)/Arm GNU Toolchain arm-none-eabi/14.3 rel1/bin/../lib/gcc/arm-none-eabi/14.3.1/thumb/v7e-m/nofp/crtbegin.o
 .text.__do_global_dtors_aux
                0x08000620       0x28 C:/Program Files (x86)/Arm GNU Toolchain arm-none-eabi/14.3 rel1/bin/../lib/gcc/arm-none-eabi/14.3.1/thumb/v7e-m/nofp/crtbegin.o
 .text.frame_dummy
                0x08000648       0x24 C:/Program Files (x86)/Arm GNU Toolchain arm-none-eabi/14.3 rel1/bin/../lib/gcc/arm-none-eabi/14.3.1/thumb/v7e-m/nofp/crtbegin.o
 .text.SysTick_init
                0x0800066c       0x38 build/timer.o
                0x0800066c                SysTick_init
 .text.DWT_init
                0x080006a4       0x34 build/timer.o
                0x080006a4                DWT_init
 .text.SysTick_Handler
                0x080006d8       0x1c build/timer.o
                0x080006d8                SysTick_Handler
 .text.gpio_init
                0x080006f4       0x44 build/main.o
                0x080006f4                gpio_init
 .text.main     0x08000738       0x68 build/main.o
                0x08000738                main
 .text.UART_init
                0x080007a0       0xdc build/uart.o
                0x080007a0                UART_init
 .text.usart1_send_byte
                0x0800087c       0x2c build/uart.o
                0x0800087c                usart1_send_byte
 .text.usart1_rxen_flag
                0x080008a8       0x3c build/uart.o
                0x080008a8                usart1_rxen_flag
 .text.usart1_ptr_str
                0x080008e4       0x2a build/uart.o
                0x080008e4                usart1_ptr_str
 *fill*         0x0800090e        0x2 
 .text.get_usart_command
                0x08000910       0xf4 build/uart.o
                0x08000910                get_usart_command
 .text.PLL_enable
                0x08000a04       0xa8 build/rcc.o
                0x08000a04                PLL_enable
 .text.Reset_Handler
                0x08000aac       0x50 startup_stm32f401rctx.o
                0x08000aac                Reset_Handler
 .text.Default_Handler
                0x08000afc        0x2 startup_stm32f401rctx.o
                0x08000afc                RTC_Alarm_IRQHandler
                0x08000afc                EXTI2_IRQHandler
                0x08000afc                DebugMon_Handler
                0x08000afc                SPI4_IRQHandler
                0x08000afc                TIM1_CC_IRQHandler
                0x08000afc                DMA2_Stream5_IRQHandler
                0x08000afc                HardFault_Handler
                0x08000afc                DMA1_Stream5_IRQHandler
                0x08000afc                PVD_IRQHandler
                0x08000afc                SDIO_IRQHandler
                0x08000afc                TAMP_STAMP_IRQHandler
                0x08000afc                PendSV_Handler
                0x08000afc                NMI_Handler
                0x08000afc                EXTI3_IRQHandler
                0x08000afc                TIM1_UP_TIM10_IRQHandler
                0x08000afc                I2C3_ER_IRQHandler
                0x08000afc                EXTI0_IRQHandler
                0x08000afc                I2C2_EV_IRQHandler
                0x08000afc                DMA1_Stream2_IRQHandler
                0x08000afc                FPU_IRQHandler
                0x08000afc                UsageFault_Handler
                0x08000afc                DMA2_Stream2_IRQHandler
                0x08000afc                SPI1_IRQHandler
                0x08000afc                TIM1_BRK_TIM9_IRQHandler
                0x08000afc                DMA2_Stream3_IRQHandler
                0x08000afc                USART6_IRQHandler
                0x08000afc                DMA2_Stream0_IRQHandler
                0x08000afc                TIM4_IRQHandler
                0x08000afc                I2C1_EV_IRQHandler
                0x08000afc                DMA1_Stream6_IRQHandler
                0x08000afc                DMA1_Stream1_IRQHandler
                0x08000afc                TIM3_IRQHandler
                0x08000afc                RCC_IRQHandler
                0x08000afc                Default_Handler
                0x08000afc                EXTI15_10_IRQHandler
                0x08000afc                ADC_IRQHandler
                0x08000afc                DMA1_Stream7_IRQHandler
                0x08000afc                TIM5_IRQHandler
                0x08000afc                DMA2_Stream7_IRQHandler
                0x08000afc                I2C3_EV_IRQHandler
                0x08000afc                EXTI9_5_IRQHandler
                0x08000afc                RTC_WKUP_IRQHandler
                0x08000afc                SPI2_IRQHandler
                0x08000afc                MemManage_Handler
                0x08000afc                DMA1_Stream0_IRQHandler
                0x08000afc                SVC_Handler
                0x08000afc                EXTI4_IRQHandler
                0x08000afc                WWDG_IRQHandler
                0x08000afc                TIM2_IRQHandler
                0x08000afc                OTG_FS_WKUP_IRQHandler
                0x08000afc                TIM1_TRG_COM_TIM11_IRQHandler
                0x08000afc                EXTI1_IRQHandler
                0x08000afc                USART2_IRQHandler
                0x08000afc                I2C2_ER_IRQHandler
                0x08000afc                DMA2_Stream1_IRQHandler
                0x08000afc                FLASH_IRQHandler
                0x08000afc                DMA2_Stream4_IRQHandler
                0x08000afc                BusFault_Handler
                0x08000afc                USART1_IRQHandler
                0x08000afc                OTG_FS_IRQHandler
                0x08000afc                SPI3_IRQHandler
                0x08000afc                DMA1_Stream4_IRQHandler
                0x08000afc                I2C1_ER_IRQHandler
                0x08000afc                DMA2_Stream6_IRQHandler
                0x08000afc                DMA1_Stream3_IRQHandler
 *fill*         0x08000afe        0x2 
 .text.strncmp  0x08000b00       0x78 C:/Program Files (x86)/Arm GNU Toolchain arm-none-eabi/14.3 rel1/bin/../lib/gcc/arm-none-eabi/14.3.1/../../../../arm-none-eabi/lib/thumb/v7e-m/nofp\libc.a(libc_a-strncmp.o)
                0x08000b00                strncmp
 .text.strtok   0x08000b78       0x10 C:/Program Files (x86)/Arm GNU Toolchain arm-none-eabi/14.3 rel1/bin/../lib/gcc/arm-none-eabi/14.3.1/../../../../arm-none-eabi/lib/thumb/v7e-m/nofp\libc.a(libc_a-strtok.o)
                0x08000b78                strtok
 .text.__strtok_r
                0x08000b88       0x64 C:/Program Files (x86)/Arm GNU Toolchain arm-none-eabi/14.3 rel1/bin/../lib/gcc/arm-none-eabi/14.3.1/../../../../arm-none-eabi/lib/thumb/v7e-m/nofp\libc.a(libc_a-strtok_r.o)
                0x08000b88                __strtok_r
 .text.__libc_init_array
                0x08000bec       0x50 C:/Program Files (x86)/Arm GNU Toolchain arm-none-eabi/14.3 rel1/bin/../lib/gcc/arm-none-eabi/14.3.1/../../../../arm-none-eabi/lib/thumb/v7e-m/nofp\libc.a(libc_a-init.o)
                0x08000bec                __libc_init_array
 .text.__retarget_lock_acquire_recursive
                0x08000c3c        0x4 C:/Program Files (x86)/Arm GNU Toolchain arm-none-eabi/14.3 rel1/bin/../lib/gcc/arm-none-eabi/14.3.1/../../../../arm-none-eabi/lib/thumb/v7e-m/nofp\libc.a(libc_a-lock.o)
                0x08000c3c                __retarget_lock_acquire_recursive
 .text.__retarget_lock_release_recursive
                0x08000c40        0x4 C:/Program Files (x86)/Arm GNU Toolchain arm-none-eabi/14.3 rel1/bin/../lib/gcc/arm-none-eabi/14.3.1/../../../../arm-none-eabi/lib/thumb/v7e-m/nofp\libc.a(libc_a-lock.o)
                0x08000c40                __retarget_lock_release_recursive
 .text.startup.register_fini
                0x08000c44       0x14 C:/Program Files (x86)/Arm GNU Toolchain arm-none-eabi/14.3 rel1/bin/../lib/gcc/arm-none-eabi/14.3.1/../../../../arm-none-eabi/lib/thumb/v7e-m/nofp\libc.a(libc_a-__call_atexit.o)
 .text.atexit   0x08000c58        0xc C:/Program Files (x86)/Arm GNU Toolchain arm-none-eabi/14.3 rel1/bin/../lib/gcc/arm-none-eabi/14.3.1/../../../../arm-none-eabi/lib/thumb/v7e-m/nofp\libc.a(libc_a-atexit.o)
                0x08000c58                atexit
 .text.__libc_fini_array
                0x08000c64       0x28 C:/Program Files (x86)/Arm GNU Toolchain arm-none-eabi/14.3 rel1/bin/../lib/gcc/arm-none-eabi/14.3.1/../../../../arm-none-eabi/lib/thumb/v7e-m/nofp\libc.a(libc_a-fini.o)
                0x08000c64                __libc_fini_array
 .text.__register_exitproc
                0x08000c8c       0x80 C:/Program Files (x86)/Arm GNU Toolchain arm-none-eabi/14.3 rel1/bin/../lib/gcc/arm-none-eabi/14.3.1/../../../../arm-none-eabi/lib/thumb/v7e-m/nofp\libc.a(libc_a-__atexit.o)
                0x08000c8c                __register_exitproc
 *(.glue_7)
 .glue_7        0x08000d0c        0x0 linker stubs
 *(.glue_7t)
 .glue_7t       0x08000d0c        0x0 linker stubs
 *(.eh_frame)
 .eh_frame      0x08000d0c        0x0 C:/Program Files (x86)/Arm GNU Toolchain arm-none-eabi/14.3 rel1/bin/../lib/gcc/arm-none-eabi/14.3.1/thumb/v7e-m/nofp/crtbegin.o
 *(.init)
 .init          0x08000d0c        0x4 C:/Program Files (x86)/Arm GNU Toolchain arm-none-eabi/14.3 rel1/bin/../lib/gcc/arm-none-eabi/14.3.1/thumb/v7e-m/nofp/crti.o
                0x08000d0c                _init
 .init          0x08000d10        0x8 C:/Program Files (x86)/Arm GNU Toolchain arm-none-eabi/14.3 rel1/bin/../lib/gcc/arm-none-eabi/14.3.1/thumb/v7e-m/nofp/crtn.o
 *(.fini)
 .fini          0x08000d18        0x4 C:/Program Files (x86)/Arm GNU Toolchain arm-none-eabi/14.3 rel1/bin/../lib/gcc/arm-none-eabi/14.3.1/thumb/v7e-m/nofp/crti.o
                0x08000d18                _fini
 .fini          0x08000d1c        0x8 C:/Program Files (x86)/Arm GNU Toolchain arm-none-eabi/14.3 rel1/bin/../lib/gcc/arm-none-eabi/14.3.1/thumb/v7e-m/nofp/crtn.o
                0x08000d24                        . = ALIGN (0x4)
                0x08000d24                        _etext = .

.vfp11_veneer   0x08000d24        0x0
 .vfp11_veneer  0x08000d24        0x0 linker stubs

.v4_bx          0x08000d24        0x0
 .v4_bx         0x08000d24        0x0 linker stubs

.iplt           0x08000d24        0x0
 .iplt          0x08000d24        0x0 C:/Program Files (x86)/Arm GNU Toolchain arm-none-eabi/14.3 rel1/bin/../lib/gcc/arm-none-eabi/14.3.1/thumb/v7e-m/nofp/crtbegin.o

.rodata         0x08000d24       0x60
                0x08000d24                        . = ALIGN (0x4)
 *(.rodata)
 .rodata        0x08000d24       0x47 build/uart.o
 *fill*         0x08000d6b        0x1 
 .rodata        0x08000d6c       0x18 build/system_stm32f4xx.o
                0x08000d6c                AHBPrescTable
                0x08000d7c                APBPrescTable
 *(.rodata*)
                0x08000d84                        . = ALIGN (0x4)

.ARM.extab      0x08000d84        0x0
                0x08000d84                        . = ALIGN (0x4)
 *(.ARM.extab* .gnu.linkonce.armextab.*)
                0x08000d84                        . = ALIGN (0x4)

.ARM            0x08000d84        0x8
                0x08000d84                        . = ALIGN (0x4)
                0x08000d84                        __exidx_start = .
 *(.ARM.exidx*)
 .ARM.exidx     0x08000d84        0x8 C:/Program Files (x86)/Arm GNU Toolchain arm-none-eabi/14.3 rel1/bin/../lib/gcc/arm-none-eabi/14.3.1/../../../../arm-none-eabi/lib/thumb/v7e-m/nofp\libc.a(libc_a-strcmp.o)
                0x08000d8c                        __exidx_end = .
                0x08000d8c                        . = ALIGN (0x4)

.preinit_array  0x08000d8c        0x0
                0x08000d8c                        . = ALIGN (0x4)
                0x08000d8c                        PROVIDE (__preinit_array_start = .)
 *(.preinit_array*)
                0x08000d8c                        PROVIDE (__preinit_array_end = .)
                0x08000d8c                        . = ALIGN (0x4)

.init_array     0x08000d8c        0x8
                0x08000d8c                        . = ALIGN (0x4)
                0x08000d8c                        PROVIDE (__init_array_start = .)
 *(SORT_BY_NAME(.init_array.*))
 .init_array.00000
                0x08000d8c        0x4 C:/Program Files (x86)/Arm GNU Toolchain arm-none-eabi/14.3 rel1/bin/../lib/gcc/arm-none-eabi/14.3.1/../../../../arm-none-eabi/lib/thumb/v7e-m/nofp\libc.a(libc_a-__call_atexit.o)
 *(.init_array*)
 .init_array    0x08000d90        0x4 C:/Program Files (x86)/Arm GNU Toolchain arm-none-eabi/14.3 rel1/bin/../lib/gcc/arm-none-eabi/14.3.1/thumb/v7e-m/nofp/crtbegin.o
                0x08000d94                        PROVIDE (__init_array_end = .)
                0x08000d94                        . = ALIGN (0x4)

.fini_array     0x08000d94        0x4
                0x08000d94                        . = ALIGN (0x4)
                0x08000d94                        PROVIDE (__fini_array_start = .)
 *(SORT_BY_NAME(.fini_array.*))
 *(.fini_array*)
 .fini_array    0x08000d94        0x4 C:/Program Files (x86)/Arm GNU Toolchain arm-none-eabi/14.3 rel1/bin/../lib/gcc/arm-none-eabi/14.3.1/thumb/v7e-m/nofp/crtbegin.o
                0x08000d98                        PROVIDE (__fini_array_end = .)
                0x08000d98                        . = ALIGN (0x4)
                0x08000d98                        _sidata = LOADADDR (.data)

.rel.dyn        0x08000d98        0x0
 .rel.iplt      0x08000d98        0x0 C:/Program Files (x86)/Arm GNU Toolchain arm-none-eabi/14.3 rel1/bin/../lib/gcc/arm-none-eabi/14.3.1/thumb/v7e-m/nofp/crtbegin.o

.data           0x20000000      0x20c load address 0x08000d98
                0x20000000                        . = ALIGN (0x4)
                0x20000000                        _sdata = .
 *(.data)
 .data          0x20000000        0x4 build/system_stm32f4xx.o
                0x20000000                SystemCoreClock
 *(.data*)
 .data._impure_ptr
                0x20000004        0x4 C:/Program Files (x86)/Arm GNU Toolchain arm-none-eabi/14.3 rel1/bin/../lib/gcc/arm-none-eabi/14.3.1/../../../../arm-none-eabi/lib/thumb/v7e-m/nofp\libc.a(libc_a-impure.o)
                0x20000004                _impure_ptr
 .data._impure_data
                0x20000008      0x200 C:/Program Files (x86)/Arm GNU Toolchain arm-none-eabi/14.3 rel1/bin/../lib/gcc/arm-none-eabi/14.3.1/../../../../arm-none-eabi/lib/thumb/v7e-m/nofp\libc.a(libc_a-impure.o)
                0x20000008                _impure_data
 .data.__atexit_recursive_mutex
                0x20000208        0x4 C:/Program Files (x86)/Arm GNU Toolchain arm-none-eabi/14.3 rel1/bin/../lib/gcc/arm-none-eabi/14.3.1/../../../../arm-none-eabi/lib/thumb/v7e-m/nofp\libc.a(libc_a-__call_atexit.o)
                0x20000208                __atexit_recursive_mutex
 *(.RamFunc)
 *(.RamFunc*)
                0x2000020c                        . = ALIGN (0x4)
                0x2000020c                        _edata = .

.tm_clone_table
                0x2000020c        0x0 load address 0x08000fa4
 .tm_clone_table
                0x2000020c        0x0 C:/Program Files (x86)/Arm GNU Toolchain arm-none-eabi/14.3 rel1/bin/../lib/gcc/arm-none-eabi/14.3.1/thumb/v7e-m/nofp/crtbegin.o
 .tm_clone_table
                0x2000020c        0x0 C:/Program Files (x86)/Arm GNU Toolchain arm-none-eabi/14.3 rel1/bin/../lib/gcc/arm-none-eabi/14.3.1/thumb/v7e-m/nofp/crtend.o

.igot.plt       0x2000020c        0x0 load address 0x08000fa4
 .igot.plt      0x2000020c        0x0 C:/Program Files (x86)/Arm GNU Toolchain arm-none-eabi/14.3 rel1/bin/../lib/gcc/arm-none-eabi/14.3.1/thumb/v7e-m/nofp/crtbegin.o
                0x2000020c                        . = ALIGN (0x4)

.bss            0x2000020c      0x308 load address 0x08000fa4
                0x2000020c                        _sbss = .
                0x2000020c                        __bss_start__ = _sbss
 *(.bss)
 *(.bss*)
 .bss.completed.1
                0x2000020c        0x1 C:/Program Files (x86)/Arm GNU Toolchain arm-none-eabi/14.3 rel1/bin/../lib/gcc/arm-none-eabi/14.3.1/thumb/v7e-m/nofp/crtbegin.o
 *fill*         0x2000020d        0x3 
 .bss.object.0  0x20000210       0x18 C:/Program Files (x86)/Arm GNU Toolchain arm-none-eabi/14.3 rel1/bin/../lib/gcc/arm-none-eabi/14.3.1/thumb/v7e-m/nofp/crtbegin.o
 .bss.ms_ticks  0x20000228        0x4 build/timer.o
                0x20000228                ms_ticks
 .bss.uart1_flag
                0x2000022c        0x1 build/uart.o
                0x2000022c                uart1_flag
 *fill*         0x2000022d        0x3 
 .bss.data_buffer
                0x20000230       0x14 build/uart.o
                0x20000230                data_buffer
 .bss.__sf      0x20000244      0x138 C:/Program Files (x86)/Arm GNU Toolchain arm-none-eabi/14.3 rel1/bin/../lib/gcc/arm-none-eabi/14.3.1/../../../../arm-none-eabi/lib/thumb/v7e-m/nofp\libc.a(libc_a-findfp.o)
                0x20000244                __sf
 .bss.__lock___atexit_recursive_mutex
                0x2000037c        0x1 C:/Program Files (x86)/Arm GNU Toolchain arm-none-eabi/14.3 rel1/bin/../lib/gcc/arm-none-eabi/14.3.1/../../../../arm-none-eabi/lib/thumb/v7e-m/nofp\libc.a(libc_a-lock.o)
                0x2000037c                __lock___atexit_recursive_mutex
 *fill*         0x2000037d        0x3 
 .bss.__atexit  0x20000380        0x4 C:/Program Files (x86)/Arm GNU Toolchain arm-none-eabi/14.3 rel1/bin/../lib/gcc/arm-none-eabi/14.3.1/../../../../arm-none-eabi/lib/thumb/v7e-m/nofp\libc.a(libc_a-__call_atexit.o)
                0x20000380                __atexit
 .bss.__atexit0
                0x20000384      0x190 C:/Program Files (x86)/Arm GNU Toolchain arm-none-eabi/14.3 rel1/bin/../lib/gcc/arm-none-eabi/14.3.1/../../../../arm-none-eabi/lib/thumb/v7e-m/nofp\libc.a(libc_a-__atexit.o)
                0x20000384                __atexit0
 *(COMMON)
                0x20000514                        . = ALIGN (0x4)
                0x20000514                        _ebss = .
                0x20000514                        __bss_end__ = _ebss

._user_heap_stack
                0x20000514      0x604 load address 0x08000fa4
                0x20000518                        . = ALIGN (0x8)
 *fill*         0x20000514        0x4 
                0x20000518                        PROVIDE (end = .)
                [!provide]                        PROVIDE (_end = .)
                0x20000718                        . = (. + _Min_Heap_Size)
 *fill*         0x20000518      0x200 
                0x20000b18                        . = (. + _Min_Stack_Size)
 *fill*         0x20000718      0x400 
                0x20000b18                        . = ALIGN (0x8)

/DISCARD/
 libc.a(*)
 libm.a(*)
 libgcc.a(*)

.ARM.attributes
                0x00000000       0x2a
 *(.ARM.attributes)
 .ARM.attributes
                0x00000000       0x1e C:/Program Files (x86)/Arm GNU Toolchain arm-none-eabi/14.3 rel1/bin/../lib/gcc/arm-none-eabi/14.3.1/thumb/v7e-m/nofp/crti.o
 .ARM.attributes
                0x0000001e       0x2e C:/Program Files (x86)/Arm GNU Toolchain arm-none-eabi/14.3 rel1/bin/../lib/gcc/arm-none-eabi/14.3.1/thumb/v7e-m/nofp/crtbegin.o
 .ARM.attributes
                0x0000004c       0x2e build/timer.o
 .ARM.attributes
                0x0000007a       0x2e build/main.o
 .ARM.attributes
                0x000000a8       0x2e build/uart.o
 .ARM.attributes
                0x000000d6       0x2e build/rcc.o
 .ARM.attributes
                0x00000104       0x2e build/system_stm32f4xx.o
 .ARM.attributes
                0x00000132       0x21 startup_stm32f401rctx.o
 .ARM.attributes
                0x00000153       0x2e C:/Program Files (x86)/Arm GNU Toolchain arm-none-eabi/14.3 rel1/bin/../lib/gcc/arm-none-eabi/14.3.1/../../../../arm-none-eabi/lib/thumb/v7e-m/nofp\libc.a(libc_a-findfp.o)
 .ARM.attributes
                0x00000181       0x2e C:/Program Files (x86)/Arm GNU Toolchain arm-none-eabi/14.3 rel1/bin/../lib/gcc/arm-none-eabi/14.3.1/../../../../arm-none-eabi/lib/thumb/v7e-m/nofp\libc.a(libc_a-strncmp.o)
 .ARM.attributes
                0x000001af       0x2e C:/Program Files (x86)/Arm GNU Toolchain arm-none-eabi/14.3 rel1/bin/../lib/gcc/arm-none-eabi/14.3.1/../../../../arm-none-eabi/lib/thumb/v7e-m/nofp\libc.a(libc_a-strtok.o)
 .ARM.attributes
                0x000001dd       0x2e C:/Program Files (x86)/Arm GNU Toolchain arm-none-eabi/14.3 rel1/bin/../lib/gcc/arm-none-eabi/14.3.1/../../../../arm-none-eabi/lib/thumb/v7e-m/nofp\libc.a(libc_a-strtok_r.o)
 .ARM.attributes
                0x0000020b       0x2e C:/Program Files (x86)/Arm GNU Toolchain arm-none-eabi/14.3 rel1/bin/../lib/gcc/arm-none-eabi/14.3.1/../../../../arm-none-eabi/lib/thumb/v7e-m/nofp\libc.a(libc_a-impure.o)
 .ARM.attributes
                0x00000239       0x2e C:/Program Files (x86)/Arm GNU Toolchain arm-none-eabi/14.3 rel1/bin/../lib/gcc/arm-none-eabi/14.3.1/../../../../arm-none-eabi/lib/thumb/v7e-m/nofp\libc.a(libc_a-init.o)
 .ARM.attributes
                0x00000267       0x2e C:/Program Files (x86)/Arm GNU Toolchain arm-none-eabi/14.3 rel1/bin/../lib/gcc/arm-none-eabi/14.3.1/../../../../arm-none-eabi/lib/thumb/v7e-m/nofp\libc.a(libc_a-lock.o)
 .ARM.attributes
                0x00000295       0x1c C:/Program Files (x86)/Arm GNU Toolchain arm-none-eabi/14.3 rel1/bin/../lib/gcc/arm-none-eabi/14.3.1/../../../../arm-none-eabi/lib/thumb/v7e-m/nofp\libc.a(libc_a-strcmp.o)
 .ARM.attributes
                0x000002b1       0x2e C:/Program Files (x86)/Arm GNU Toolchain arm-none-eabi/14.3 rel1/bin/../lib/gcc/arm-none-eabi/14.3.1/../../../../arm-none-eabi/lib/thumb/v7e-m/nofp\libc.a(libc_a-__call_atexit.o)
 .ARM.attributes
                0x000002df       0x2e C:/Program Files (x86)/Arm GNU Toolchain arm-none-eabi/14.3 rel1/bin/../lib/gcc/arm-none-eabi/14.3.1/../../../../arm-none-eabi/lib/thumb/v7e-m/nofp\libc.a(libc_a-atexit.o)
 .ARM.attributes
                0x0000030d       0x2e C:/Program Files (x86)/Arm GNU Toolchain arm-none-eabi/14.3 rel1/bin/../lib/gcc/arm-none-eabi/14.3.1/../../../../arm-none-eabi/lib/thumb/v7e-m/nofp\libc.a(libc_a-fini.o)
 .ARM.attributes
                0x0000033b       0x2e C:/Program Files (x86)/Arm GNU Toolchain arm-none-eabi/14.3 rel1/bin/../lib/gcc/arm-none-eabi/14.3.1/../../../../arm-none-eabi/lib/thumb/v7e-m/nofp\libc.a(libc_a-__atexit.o)
 .ARM.attributes
                0x00000369       0x2e C:/Program Files (x86)/Arm GNU Toolchain arm-none-eabi/14.3 rel1/bin/../lib/gcc/arm-none-eabi/14.3.1/thumb/v7e-m/nofp/crtend.o
 .ARM.attributes
                0x00000397       0x1e C:/Program Files (x86)/Arm GNU Toolchain arm-none-eabi/14.3 rel1/bin/../lib/gcc/arm-none-eabi/14.3.1/thumb/v7e-m/nofp/crtn.o
OUTPUT(build/main.elf elf32-littlearm)
LOAD linker stubs
LOAD C:/Program Files (x86)/Arm GNU Toolchain arm-none-eabi/14.3 rel1/bin/../lib/gcc/arm-none-eabi/14.3.1/../../../../arm-none-eabi/lib/thumb/v7e-m/nofp\libc.a
LOAD C:/Program Files (x86)/Arm GNU Toolchain arm-none-eabi/14.3 rel1/bin/../lib/gcc/arm-none-eabi/14.3.1/../../../../arm-none-eabi/lib/thumb/v7e-m/nofp\libm.a
LOAD C:/Program Files (x86)/Arm GNU Toolchain arm-none-eabi/14.3 rel1/bin/../lib/gcc/arm-none-eabi/14.3.1/thumb/v7e-m/nofp\libgcc.a

.debug_info     0x00000000     0x1450
 .debug_info    0x00000000      0x342 build/timer.o
 .debug_info    0x00000342      0x3a2 build/main.o
 .debug_info    0x000006e4      0x518 build/uart.o
 .debug_info    0x00000bfc      0x2ed build/rcc.o
 .debug_info    0x00000ee9      0x537 build/system_stm32f4xx.o
 .debug_info    0x00001420       0x30 startup_stm32f401rctx.o

.debug_abbrev   0x00000000      0x6e7
 .debug_abbrev  0x00000000      0x162 build/timer.o
 .debug_abbrev  0x00000162      0x13c build/main.o
 .debug_abbrev  0x0000029e      0x1f5 build/uart.o
 .debug_abbrev  0x00000493      0x116 build/rcc.o
 .debug_abbrev  0x000005a9      0x11a build/system_stm32f4xx.o
 .debug_abbrev  0x000006c3       0x24 startup_stm32f401rctx.o

.debug_aranges  0x00000000      0x138
 .debug_aranges
                0x00000000       0x48 build/timer.o
 .debug_aranges
                0x00000048       0x28 build/main.o
 .debug_aranges
                0x00000070       0x50 build/uart.o
 .debug_aranges
                0x000000c0       0x30 build/rcc.o
 .debug_aranges
                0x000000f0       0x20 build/system_stm32f4xx.o
 .debug_aranges
                0x00000110       0x28 startup_stm32f401rctx.o

.debug_rnglists
                0x00000000       0xbc
 .debug_rnglists
                0x00000000       0x31 build/timer.o
 .debug_rnglists
                0x00000031       0x19 build/main.o
 .debug_rnglists
                0x0000004a       0x39 build/uart.o
 .debug_rnglists
                0x00000083       0x20 build/rcc.o
 .debug_rnglists
                0x000000a3       0x19 startup_stm32f401rctx.o

.debug_macro    0x00000000     0xf037
 .debug_macro   0x00000000      0x238 build/timer.o
 .debug_macro   0x00000238      0xac0 build/timer.o
 .debug_macro   0x00000cf8       0x22 build/timer.o
 .debug_macro   0x00000d1a       0x8e build/timer.o
 .debug_macro   0x00000da8       0x51 build/timer.o
 .debug_macro   0x00000df9      0x103 build/timer.o
 .debug_macro   0x00000efc       0x6a build/timer.o
 .debug_macro   0x00000f66      0x1df build/timer.o
 .debug_macro   0x00001145       0x61 build/timer.o
 .debug_macro   0x000011a6       0x24 build/timer.o
 .debug_macro   0x000011ca       0x43 build/timer.o
 .debug_macro   0x0000120d       0x34 build/timer.o
 .debug_macro   0x00001241       0x16 build/timer.o
 .debug_macro   0x00001257       0x9e build/timer.o
 .debug_macro   0x000012f5      0x364 build/timer.o
 .debug_macro   0x00001659      0x112 build/timer.o
 .debug_macro   0x0000176b       0x10 build/timer.o
 .debug_macro   0x0000177b       0x16 build/timer.o
 .debug_macro   0x00001791       0x4a build/timer.o
 .debug_macro   0x000017db       0x34 build/timer.o
 .debug_macro   0x0000180f       0x10 build/timer.o
 .debug_macro   0x0000181f       0x58 build/timer.o
 .debug_macro   0x00001877       0x8e build/timer.o
 .debug_macro   0x00001905       0x1c build/timer.o
 .debug_macro   0x00001921      0x17e build/timer.o
 .debug_macro   0x00001a9f       0x16 build/timer.o
 .debug_macro   0x00001ab5       0x16 build/timer.o
 .debug_macro   0x00001acb      0x146 build/timer.o
 .debug_macro   0x00001c11       0x16 build/timer.o
 .debug_macro   0x00001c27       0x3c build/timer.o
 .debug_macro   0x00001c63       0x16 build/timer.o
 .debug_macro   0x00001c79       0x29 build/timer.o
 .debug_macro   0x00001ca2       0x16 build/timer.o
 .debug_macro   0x00001cb8       0x2e build/timer.o
 .debug_macro   0x00001ce6       0x28 build/timer.o
 .debug_macro   0x00001d0e       0x1c build/timer.o
 .debug_macro   0x00001d2a       0x22 build/timer.o
 .debug_macro   0x00001d4c       0xfb build/timer.o
 .debug_macro   0x00001e47     0x1011 build/timer.o
 .debug_macro   0x00002e58      0x11f build/timer.o
 .debug_macro   0x00002f77     0xb881 build/timer.o
 .debug_macro   0x0000e7f8       0x6d build/timer.o
 .debug_macro   0x0000e865       0x1c build/timer.o
 .debug_macro   0x0000e881      0x234 build/main.o
 .debug_macro   0x0000eab5      0x23e build/uart.o
 .debug_macro   0x0000ecf3       0x16 build/uart.o
 .debug_macro   0x0000ed09      0x23e build/rcc.o
 .debug_macro   0x0000ef47       0x10 build/rcc.o
 .debug_macro   0x0000ef57       0xe0 build/system_stm32f4xx.o

.debug_line     0x00000000     0x192f
 .debug_line    0x00000000      0x50c build/timer.o
 .debug_line    0x0000050c      0x492 build/main.o
 .debug_line    0x0000099e      0x607 build/uart.o
 .debug_line    0x00000fa5      0x56a build/rcc.o
 .debug_line    0x0000150f      0x3a6 build/system_stm32f4xx.o
 .debug_line    0x000018b5       0x7a startup_stm32f401rctx.o

.debug_str      0x00000000    0x5375b
 .debug_str     0x00000000    0x5375b build/timer.o
                              0x53516 (size before relaxing)
 .debug_str     0x0005375b    0x53561 build/main.o
 .debug_str     0x0005375b    0x535de build/uart.o
 .debug_str     0x0005375b    0x5350d build/rcc.o
 .debug_str     0x0005375b    0x4f9f8 build/system_stm32f4xx.o
 .debug_str     0x0005375b       0x70 startup_stm32f401rctx.o

.comment        0x00000000       0x46
 .comment       0x00000000       0x46 build/timer.o
                                 0x47 (size before relaxing)
 .comment       0x00000046       0x47 build/main.o
 .comment       0x00000046       0x47 build/uart.o
 .comment       0x00000046       0x47 build/rcc.o
 .comment       0x00000046       0x47 build/system_stm32f4xx.o

.debug_frame    0x00000000      0x714
 .debug_frame   0x00000000       0xdc build/timer.o
 .debug_frame   0x000000dc       0x50 build/main.o
 .debug_frame   0x0000012c      0x104 build/uart.o
 .debug_frame   0x00000230       0x6c build/rcc.o
 .debug_frame   0x0000029c       0x58 build/system_stm32f4xx.o
 .debug_frame   0x000002f4      0x13c C:/Program Files (x86)/Arm GNU Toolchain arm-none-eabi/14.3 rel1/bin/../lib/gcc/arm-none-eabi/14.3.1/../../../../arm-none-eabi/lib/thumb/v7e-m/nofp\libc.a(libc_a-findfp.o)
 .debug_frame   0x00000430       0x38 C:/Program Files (x86)/Arm GNU Toolchain arm-none-eabi/14.3 rel1/bin/../lib/gcc/arm-none-eabi/14.3.1/../../../../arm-none-eabi/lib/thumb/v7e-m/nofp\libc.a(libc_a-strncmp.o)
 .debug_frame   0x00000468       0x20 C:/Program Files (x86)/Arm GNU Toolchain arm-none-eabi/14.3 rel1/bin/../lib/gcc/arm-none-eabi/14.3.1/../../../../arm-none-eabi/lib/thumb/v7e-m/nofp\libc.a(libc_a-strtok.o)
 .debug_frame   0x00000488       0x50 C:/Program Files (x86)/Arm GNU Toolchain arm-none-eabi/14.3 rel1/bin/../lib/gcc/arm-none-eabi/14.3.1/../../../../arm-none-eabi/lib/thumb/v7e-m/nofp\libc.a(libc_a-strtok_r.o)
 .debug_frame   0x000004d8       0x2c C:/Program Files (x86)/Arm GNU Toolchain arm-none-eabi/14.3 rel1/bin/../lib/gcc/arm-none-eabi/14.3.1/../../../../arm-none-eabi/lib/thumb/v7e-m/nofp\libc.a(libc_a-init.o)
 .debug_frame   0x00000504       0xb0 C:/Program Files (x86)/Arm GNU Toolchain arm-none-eabi/14.3 rel1/bin/../lib/gcc/arm-none-eabi/14.3.1/../../../../arm-none-eabi/lib/thumb/v7e-m/nofp\libc.a(libc_a-lock.o)
 .debug_frame   0x000005b4       0x7c C:/Program Files (x86)/Arm GNU Toolchain arm-none-eabi/14.3 rel1/bin/../lib/gcc/arm-none-eabi/14.3.1/../../../../arm-none-eabi/lib/thumb/v7e-m/nofp\libc.a(libc_a-strcmp.o)
 .debug_frame   0x00000630       0x5c C:/Program Files (x86)/Arm GNU Toolchain arm-none-eabi/14.3 rel1/bin/../lib/gcc/arm-none-eabi/14.3.1/../../../../arm-none-eabi/lib/thumb/v7e-m/nofp\libc.a(libc_a-__call_atexit.o)
 .debug_frame   0x0000068c       0x20 C:/Program Files (x86)/Arm GNU Toolchain arm-none-eabi/14.3 rel1/bin/../lib/gcc/arm-none-eabi/14.3.1/../../../../arm-none-eabi/lib/thumb/v7e-m/nofp\libc.a(libc_a-atexit.o)
 .debug_frame   0x000006ac       0x34 C:/Program Files (x86)/Arm GNU Toolchain arm-none-eabi/14.3 rel1/bin/../lib/gcc/arm-none-eabi/14.3.1/../../../../arm-none-eabi/lib/thumb/v7e-m/nofp\libc.a(libc_a-fini.o)
 .debug_frame   0x000006e0       0x34 C:/Program Files (x86)/Arm GNU Toolchain arm-none-eabi/14.3 rel1/bin/../lib/gcc/arm-none-eabi/14.3.1/../../../../arm-none-eabi/lib/thumb/v7e-m/nofp\libc.a(libc_a-__atexit.o)

.debug_line_str
                0x00000000      0x133
 .debug_line_str
                0x00000000      0x133 startup_stm32f401rctx.o
                                 0x54 (size before relaxing)
 .debug_line_str
                0x00000133       0xdf C:/Program Files (x86)/Arm GNU Toolchain arm-none-eabi/14.3 rel1/bin/../lib/gcc/arm-none-eabi/14.3.1/../../../../arm-none-eabi/lib/thumb/v7e-m/nofp\libc.a(libc_a-strcmp.o)
