st7735.c:3:6:ST7735_setPins	4	static
st7735.c:18:6:DATA_mode	4	static
st7735.c:22:6:CMD_mode	4	static
st7735.c:26:6:CS_high	4	static
st7735.c:30:6:CS_low	4	static
st7735.c:34:6:ST7735_reset	8	static
st7735.c:44:6:ST7735_cmd	16	static
st7735.c:50:6:ST7735_data	16	static
st7735.c:56:6:ST7735_init	8	static
st7735.c:80:5:ST7735_FillRect	32	static
st7735.c:120:6:ST7735_SetRegion	24	static
st7735.c:140:5:ST7735_DrawPixel	16	static
st7735.c:153:6:ST7735_DrawChar	40	static
st7735.c:171:6:ST7735_DrawString	32	static
